// Jest Snapshot v1, https://goo.gl/fbAQLP

exports[`Icon Component Matches the snapshot 1`] = `
<DocumentFragment>
  <svg
    fill="none"
    height="24"
    stroke="#4d5961"
    stroke-linecap="round"
    stroke-linejoin="round"
    stroke-width="2"
    viewBox="0 0 24 24"
    width="24"
    xmlns="http://www.w3.org/2000/svg"
  />
</DocumentFragment>
`;
